PS C:\Users\DELL\Desktop\Placement\Git Commands> mkdir thiru-project && cd thiru-project
At line:1 char:21
+ mkdir thiru-project && cd thiru-project
+                     ~~
The token '&&' is not a valid statement separator 
in this version.
    + CategoryInfo          : ParserError: (:) [],
    ParentContainsErrorRecordException
    + FullyQualifiedErrorId : InvalidEndOfLine

PS C:\Users\DELL\Desktop\Placement\Git Commands> mkdir thiru-project


    Directory: C:\Users\DELL\Desktop\Placement\Git Commands


Mode                 LastWriteTime         Length Name
----                 -------------         ------ ----
d-----        29-06-2025     10:16                thiru-project


PS C:\Users\DELL\Desktop\Placement\Git Commands> cd thiru-project
PS C:\Users\DELL\Desktop\Placement\Git Commands\thiru-project> git init
Initialized empty Git repository in C:/Users/DELL/Desktop/Placement/Git Commands/thiru-project/.git/    
PS C:\Users\DELL\Desktop\Placement\Git Commands\thiru-project> echo "print('Hello Thiru')"> main.py
PS C:\Users\DELL\Desktop\Placement\Git Commands\thiru-project> git status 
On branch master

No commits yet

Untracked files:
  (use "git add <file>..." to include in what will be committed)
        main.py

nothing added to commit but untracked files present (use "git add" to track)
PS C:\Users\DELL\Desktop\Placement\Git Commands\thiru-project> git add .
PS C:\Users\DELL\Desktop\Placement\Git Commands\thiru-project> git status
On branch master

No commits yet

Changes to be committed:
  (use "git rm --cached <file>..." to unstage)      
        new file:   main.py

PS C:\Users\DELL\Desktop\Placement\Git Commands\thiru-project> git commit -m "Initial commit"
[master (root-commit) 8b2734a] Initial commit
 1 file changed, 0 insertions(+), 0 deletions(-)    
 create mode 100644 main.py
PS C:\Users\DELL\Desktop\Placement\Git Commands\thiru-project> git remote add origin
usage: git remote add [<options>] <name> <url>

    -f, --[no-]fetch      fetch the remote branches 
    --[no-]tags           import all tags and associated objects when fetching
                          or do not fetch any tag at all (--no-tags)
    -t, --[no-]track <branch>
                          branch(es) to track       
    -m, --[no-]master <branch>
                          master branch
    --[no-]mirror[=(push|fetch)]
                          set up remote as a mirror to push to or fetch from

PS C:\Users\DELL\Desktop\Placement\Git Commands\thiru-project> https://github.com/thiru-x/thiru-project.
git     
https://github.com/thiru-x/thiru-project.git : The 
term
'https://github.com/thiru-x/thiru-project.git' is   
not recognized as the name of a cmdlet, function,   
script file, or operable program. Check the
spelling of the name, or if a path was included,    
verify that the path is correct and try again.      
At line:1 char:1
+ https://github.com/thiru-x/thiru-project.git      
+ ~~~~~~~~~~~~~~~~~~~~~~~~~~~~~~~~~~~~~~~~~~~~      
    + CategoryInfo          : ObjectNotFound: (htt  
   ps://github....iru-project.git:String) [], Com   
  mandNotFoundException
    + FullyQualifiedErrorId : CommandNotFoundExcep 
   tion

PS C:\Users\DELL\Desktop\Placement\Git Commands\thiru-project> ^C
PS C:\Users\DELL\Desktop\Placement\Git Commands\thiru-project> ^C
PS C:\Users\DELL\Desktop\Placement\Git Commands\thiru-project> git remote add origin https://github.com/thiru-x/thiru-project.git
PS C:\Users\DELL\Desktop\Placement\Git Commands\thiru-project> git branch -M main
PS C:\Users\DELL\Desktop\Placement\Git Commands\thiru-project> git push -u origin main
remote: Repository not found.
fatal: repository 'https://github.com/thiru-x/thiru-project.git/' not found
PS C:\Users\DELL\Desktop\Placement\Git Commands\thiru-project> git remote add origin https://github.com/thiru-x/thiru-project.git
error: remote origin already exists.
PS C:\Users\DELL\Desktop\Placement\Git Commands\thiru-project> git branch -M main                       
PS C:\Users\DELL\Desktop\Placement\Git Commands\thiru-project> git push -u origin main                  
Enumerating objects: 3, done.
Counting objects: 100% (3/3), done.
Total 3 (delta 0), reused 0 (delta 0), pack-reused 0 (from 0)
To https://github.com/thiru-x/thiru-project.git
 * [new branch]      main -> main
branch 'main' set up to track 'origin/main'.
PS C:\Users\DELL\Desktop\Placement\Git Commands\thiru-project>