PS C:\Users\DELL\Desktop\Placement\Git Commands> cd Git-Commands
cd : Cannot find path 'C:\Users\DELL\Desktop\Placement\Git Commands\Git-Commands' because it does not exist.
At line:1 char:1
+ cd Git-Commands
+ ~~~~~~~~~~~~~~~
    + CategoryInfo          : ObjectNotFound: (C:\Users\DELL\D...ds\Git-Commands:String) [Set-Location], ItemNotFoundExce
   ption
    + FullyQualifiedErrorId : PathNotFound,Microsoft.PowerShell.Commands.SetLocationCommand

PS C:\Users\DELL\Desktop\Placement\Git Commands> mkdir Git-Commands


    Directory: C:\Users\DELL\Desktop\Placement\Git Commands



Mode                 LastWriteTime         Length Name     
----                 -------------         ------ ----     
d-----        29-06-2025     10:40                Git-Commands


PS C:\Users\DELL\Desktop\Placement\Git Commands> cd Git-Commands
PS C:\Users\DELL\Desktop\Placement\Git Commands\Git-Commands> git init
Initialized empty Git repository in C:/Users/DELL/Desktop/Placement/Git Commands/Git-Commands/.git/
PS C:\Users\DELL\Desktop\Placement\Git Commands\Git-Commands> echo "print('PS C:\Users\DELL\Desktop\Placement\Git Commands> mkdir thiru-project && cd thiru-project
>> At line:1 char:21
>> + mkdir thiru-project && cd thiru-project
>> +                     ~~
>> The token '&&' is not a valid statement separator       
>> in this version.
>>     + CategoryInfo          : ParserError: (:) [],      
>>     ParentContainsErrorRecordException
>>     + FullyQualifiedErrorId : InvalidEndOfLine
>>
>> PS C:\Users\DELL\Desktop\Placement\Git Commands> mkdir thiru-project
>>
>>
>>     Directory: C:\Users\DELL\Desktop\Placement\Git Commands
>>
>>
>> Mode                 LastWriteTime         Length Name  
>> ----                 -------------         ------ ----  
>> d-----        29-06-2025     10:16                thiru-project
>>
>>
>> PS C:\Users\DELL\Desktop\Placement\Git Commands> cd thiru-project
>> PS C:\Users\DELL\Desktop\Placement\Git Commands\thiru-project> git init
>> Initialized empty Git repository in C:/Users/DELL/Desktop/Placement/Git Commands/thiru-project/.git/
>> PS C:\Users\DELL\Desktop\Placement\Git Commands\thiru-project> echo "print('Hello Thiru')"> main.py
>> PS C:\Users\DELL\Desktop\Placement\Git Commands\thiru-project> git status
>> On branch master
>>
>> No commits yet
>>
>> Untracked files:
>>   (use "git add <file>..." to include in what will be committed)
>>         main.py
>>
>> nothing added to commit but untracked files present (use "git add" to track)
>> PS C:\Users\DELL\Desktop\Placement\Git Commands\thiru-project> git add .
>> PS C:\Users\DELL\Desktop\Placement\Git Commands\thiru-project> git status
>> On branch master
>>
>> No commits yet
>>
>> Changes to be committed:
>>   (use "git rm --cached <file>..." to unstage)
>>         new file:   main.py
>>
>> PS C:\Users\DELL\Desktop\Placement\Git Commands\thiru-project> git commit -m "Initial commit"
>> [master (root-commit) 8b2734a] Initial commit
>>  1 file changed, 0 insertions(+), 0 deletions(-)        
>>  create mode 100644 main.py
>> PS C:\Users\DELL\Desktop\Placement\Git Commands\thiru-project> git remote add origin
>> usage: git remote add [<options>] <name> <url>
>>
>>     -f, --[no-]fetch      fetch the remote branches     
>>     --[no-]tags           import all tags and associated objects when fetching
>>                           or do not fetch any tag at all (--no-tags)
>>     -t, --[no-]track <branch>
>>                           branch(es) to track
>>     -m, --[no-]master <branch>
>>                           master branch
>>     --[no-]mirror[=(push|fetch)]
>>                           set up remote as a mirror to push to or fetch from
>>
>> PS C:\Users\DELL\Desktop\Placement\Git Commands\thiru-project> https://github.com/thiru-x/thiru-project.
>> git
>> https://github.com/thiru-x/thiru-project.git : The      
>> term
>> 'https://github.com/thiru-x/thiru-project.git' is       
>> not recognized as the name of a cmdlet, function,       
>> script file, or operable program. Check the
>> spelling of the name, or if a path was included,        
>> verify that the path is correct and try again.
>> At line:1 char:1
>> + https://github.com/thiru-x/thiru-project.git
>> + ~~~~~~~~~~~~~~~~~~~~~~~~~~~~~~~~~~~~~~~~~~~~
>>     + CategoryInfo          : ObjectNotFound: (htt      
>>    ps://github....iru-project.git:String) [], Com       
>>   mandNotFoundException
>>     + FullyQualifiedErrorId : CommandNotFoundExcep      
>>    tion
>>
>> PS C:\Users\DELL\Desktop\Placement\Git Commands\thiru-project> ^C
>> PS C:\Users\DELL\Desktop\Placement\Git Commands\thiru-project> ^C
>> PS C:\Users\DELL\Desktop\Placement\Git Commands\thiru-project> git remote add origin https://github.com/thiru-x/thiru-project.git
>> PS C:\Users\DELL\Desktop\Placement\Git Commands\thiru-project> git branch -M main
>> PS C:\Users\DELL\Desktop\Placement\Git Commands\thiru-project> git push -u origin main
>> remote: Repository not found.
>> fatal: repository 'https://github.com/thiru-x/thiru-project.git/' not found
>> PS C:\Users\DELL\Desktop\Placement\Git Commands\thiru-project> git remote add origin https://github.com/thiru-x/thiru-project.git
>> error: remote origin already exists.
>> PS C:\Users\DELL\Desktop\Placement\Git Commands\thiru-project> git branch -M main
>> PS C:\Users\DELL\Desktop\Placement\Git Commands\thiru-project> git push -u origin main
>> Enumerating objects: 3, done.
>> Counting objects: 100% (3/3), done.
>> Total 3 (delta 0), reused 0 (delta 0), pack-reused 0 (from 0)
>> To https://github.com/thiru-x/thiru-project.git
>>  * [new branch]      main -> main
>> branch 'main' set up to track 'origin/main'.
>> PS C:\Users\DELL\Desktop\Placement\Git Commands\thiru-project>"> git-practice.txt  
At line:32 char:17
+   (use "git add <file>..." to include in what will be    
committed)
+                 ~
The '<' operator is reserved for future use.
At line:43 char:25
+   (use "git rm --cached <file>..." to unstage)
+                         ~
The '<' operator is reserved for future use.
    + CategoryInfo          : ParserError: (:) [], Parent  
   ContainsErrorRecordException
    + FullyQualifiedErrorId : RedirectionNotSupported      
 
PS C:\Users\DELL\Desktop\Placement\Git Commands\Git-Commands> echo "This is some sample text for my new file." > git-practice.txt
PS C:\Users\DELL\Desktop\Placement\Git Commands\Git-Commands> git add .
PS C:\Users\DELL\Desktop\Placement\Git Commands\Git-Commands> git status
On branch master

No commits yet

Changes to be committed:
  (use "git rm --cached <file>..." to unstage)
        new file:   git-practice.txt

PS C:\Users\DELL\Desktop\Placement\Git Commands\Git-Commands> git commit -m "Initial commit"
[master (root-commit) 6efe39d] Initial commit
 1 file changed, 0 insertions(+), 0 deletions(-)
 create mode 100644 git-practice.txt
PS C:\Users\DELL\Desktop\Placement\Git Commands\Git-Commands> git remote add origin https://github.com/thiru-x/Git-Commands
PS C:\Users\DELL\Desktop\Placement\Git Commands\Git-Commands> git branch -M main
PS C:\Users\DELL\Desktop\Placement\Git Commands\Git-Commands> git push -u origin main
To https://github.com/thiru-x/Git-Commands
 ! [rejected]        main -> main (fetch first)
error: failed to push some refs to 'https://github.com/thirucause the remote contains work that you do not
hint: have locally. This is usually caused by another repository pushing to

hint: the same ref. If you want to integrate the remote changes, use       
hint: 'git pull' before pushing again.       
hint: See the 'Note about fast-forwards' in 'git push --help' for details. 
PS C:\Users\DELL\Desktop\Placement\Git Commands\Git-Commands> ^C
PS C:\Users\DELL\Desktop\Placement\Git Commands\Git-Commands>  git pull origin main
remote: Enumerating objects: 6, done.        
remote: Counting objects:  16%remote: Counting objects:  33%remote: Counting objects:  50%remote: Counting objects:  66%remote: Counting objects:  83%remote: Counting objects: 100%remote: Counting objects: 100% (6/6), done.  
remote: Compressing objects:  remote: Compressing objects:  remote: Compressing objects:  remote: Compressing objects:  remote: Compressing objects: 1remote: Compressing objects: 100% (5/5), done.
remote: Total 6 (delta 0), reused 0 (delta 0), pack-reused 0 (from 0)      
Unpacking objecUnpacking objecUnpacking objecUnpacking objecUnpacking objecUnpacking objecUnpacking objects: 100% (6/6), 3.09 KiB | 10.00 KiB/s, done.
From https://github.com/thiru-x/Git-Commands 
 * branch            main       -> FETCH_HEAD
 * [new branch]      main       -> origin/main
fatal: refusing to merge unrelated histories 
PS C:\Users\DELL\Desktop\Placement\Git Commands\Git-Commands> git push -u origin main
To https://github.com/thiru-x/Git-Commands   
 ! [rejected]        main -> main (non-fast-forward)        
error: failed to push some refs to 'https://github.com/thiru-x/Git-Commands'
hint: Updates were rejected because the tip of your current branch is behind
hint: its remote counterpart. If you want to integrate the remote changes, 
hint: use 'git pull' before pushing again.   
hint: See the 'Note about fast-forwards' in 'git push --help' for details. 
PS C:\Users\DELL\Desktop\Placement\Git Commands\Git-Commands> ^C
PS C:\Users\DELL\Desktop\Placement\Git Commands\Git-Commands> git pull --rebase origin main
From https://github.com/thiru-x/Git-Commands 
 * branch            main       -> FETCH_HEAD
Successfully rebased and updated refs/heads/main.
PS C:\Users\DELL\Desktop\Placement\Git Commands\Git-Commands> git push -u origin main
Compressing objects:  66% (2/3Compressing objects: 100% (3/3Compressing objects: 100% (3/3), done.  
Writing objectsWriting objectsWriting objectsWriting objects: 100% (3/3), 388 bytes | 38.00 KiB/s, done.
Total 3 (delta 0), reused 0 (delta 0), pack-reused 0 (from 0)
To https://github.com/thiru-x/Git-Commands        
   452986b..12fe693  main -> main
branch 'main' set up to track 'origin/main'.      
PS C:\Users\DELL\Desktop\Placement\Git Commands\Git-Commands>